#
# There is insufficient memory for the Java Runtime Environment to continue.
# Native memory allocation (malloc) failed to allocate 32752 bytes. Error detail: Chunk::new
# Possible reasons:
#   The system is out of physical RAM or swap space
#   This process is running with CompressedOops enabled, and the Java Heap may be blocking the growth of the native heap
# Possible solutions:
#   Reduce memory load on the system
#   Increase physical memory or swap space
#   Check if swap backing store is full
#   Decrease Java heap size (-Xmx/-Xms)
#   Decrease number of Java threads
#   Decrease Java thread stack sizes (-Xss)
#   Set larger code cache with -XX:ReservedCodeCacheSize=
#   JVM is running with Zero Based Compressed Oops mode in which the Java heap is
#     placed in the first 32GB address space. The Java Heap base address is the
#     maximum limit for the native heap growth. Please use -XX:HeapBaseMinAddress
#     to set the Java Heap base and to place the Java Heap above 32GB virtual address.
# This output file may be truncated or incomplete.
#
#  Out of Memory Error (arena.cpp:186), pid=5016, tid=2252
#
# JRE version: OpenJDK Runtime Environment JBR-25.0.2+1-329.72-nomod (25.0.2+1) (build 25.0.2+1-b329.72)
# Java VM: OpenJDK 64-Bit Server VM JBR-25.0.2+1-329.72-nomod (25.0.2+1-b329.72, mixed mode, emulated-client, sharing, tiered, compressed oops, compressed class ptrs, g1 gc, windows-amd64)
# No core dump will be written. Minidumps are not enabled by default on client versions of Windows
#

---------------  S U M M A R Y ------------

Command Line: -XX:TieredStopAtLevel=1 -Dspring.output.ansi.enabled=always -Dcom.sun.management.jmxremote -Dspring.jmx.enabled=true -Dspring.liveBeansView.mbeanDomain -Dspring.application.admin.enabled=true -Dmanagement.endpoints.jmx.exposure.include=* -javaagent:C:\Program Files\JetBrains\IntelliJ IDEA 2025.3.1\lib\idea_rt.jar=58084 -Dfile.encoding=UTF-8 -Dsun.stdout.encoding=UTF-8 -Dsun.stderr.encoding=UTF-8 com.SchoolManagementSystem.System.SystemApplication

Host: 12th Gen Intel(R) Core(TM) i5-12600HX, 16 cores, 11G,  Windows 11 , 64 bit Build 26100 (10.0.26100.8521)
Time: Fri Jul 17 20:47:21 2026 Arab Standard Time elapsed time: 320.345000 seconds (0d 0h 5m 20s)

---------------  T H R E A D  ---------------

Current thread (0x000002955c1f3850):  JavaThread "C1 CompilerThread0" daemon [_thread_in_native, id=2252, stack(0x000000fe30000000,0x000000fe30100000) (1024K)]


Current CompileTask:
C1:320345 11259  s!   1       jdk.internal.loader.URLClassPath::getLoader (202 bytes)

Stack: [0x000000fe30000000,0x000000fe30100000]
Native frames: (J=compiled Java code, j=interpreted, Vv=VM code, C=native code)
V  [jvm.dll+0x7c0b19]  os::win32::platform_print_native_stack+0xd9  (os_windows_x86.cpp:222)
V  [jvm.dll+0x78a2ed]  NativeStackPrinter::print_stack+0x4d  (nativeStackPrinter.cpp:35)
V  [jvm.dll+0xa0e563]  VMError::report+0xe43  (vmError.cpp:977)
V  [jvm.dll+0xa10d5c]  VMError::report_and_die+0x7dc  (vmError.cpp:1888)
V  [jvm.dll+0xa11453]  VMError::report_and_die+0x43  (vmError.cpp:1658)
V  [jvm.dll+0x307b86]  report_vm_out_of_memory+0x56  (debug.cpp:236)
V  [jvm.dll+0x114676]  ChunkPool::allocate_chunk+0x1b6  (arena.cpp:186)
V  [jvm.dll+0x1149a6]  Arena::grow+0x106  (arena.cpp:330)
V  [jvm.dll+0x20afe6]  LinearScan::compute_debug_info_for_scope+0x326  (c1_LinearScan.cpp:2891)
V  [jvm.dll+0x20ad0d]  LinearScan::compute_debug_info_for_scope+0x4d  (c1_LinearScan.cpp:2837)
V  [jvm.dll+0x209ca4]  LinearScan::assign_reg_num+0x2a4  (c1_LinearScan.cpp:2964)
V  [jvm.dll+0x209f5a]  LinearScan::assign_reg_num+0x18a  (c1_LinearScan.cpp:3013)
V  [jvm.dll+0x20c04f]  LinearScan::do_linear_scan+0x27f  (c1_LinearScan.cpp:3056)
V  [jvm.dll+0x1c7802]  Compilation::emit_lir+0x252  (c1_Compilation.cpp:275)
V  [jvm.dll+0x1c6e9f]  Compilation::compile_java_method+0x16f  (c1_Compilation.cpp:405)
V  [jvm.dll+0x1c715e]  Compilation::compile_method+0x1ee  (c1_Compilation.cpp:483)
V  [jvm.dll+0x1c66ac]  Compilation::Compilation+0x20c  (c1_Compilation.cpp:610)
V  [jvm.dll+0x1c84cd]  Compiler::compile_method+0xdd  (c1_Compiler.cpp:264)
V  [jvm.dll+0x2d8ce4]  CompileBroker::invoke_compiler_on_method+0x844  (compileBroker.cpp:2365)
V  [jvm.dll+0x2d6f0b]  CompileBroker::compiler_thread_loop+0x39b  (compileBroker.cpp:1999)
V  [jvm.dll+0x49dbb5]  JavaThread::run+0x125  (javaThread.cpp:759)
V  [jvm.dll+0x9ae45d]  Thread::call_run+0xcd  (thread.cpp:253)
V  [jvm.dll+0x7bf035]  thread_native_entry+0x95  (os_windows.cpp:562)
C  [ucrtbase.dll+0x2cd30]  (no source info available)
C  [KERNEL32.DLL+0x2e957]  (no source info available)
C  [ntdll.dll+0x87c1c]  (no source info available)

Lock stack of current Java thread (top to bottom):


---------------  P R O C E S S  ---------------

Threads class SMR info:
_java_thread_list=0x00000295614b0fd0, length=19, elements={
0x000002955c1caaa0, 0x000002955c1d4c60, 0x000002955c1d56c0, 0x000002955c1dc100,
0x000002955c1dccc0, 0x000002955c1e0400, 0x000002955c1e9b40, 0x000002955c1f3850,
0x0000029561199190, 0x0000029561b84dd0, 0x0000029561bab9f0, 0x00000295626fe0e0,
0x00000295626fb200, 0x00000295626ff850, 0x0000029562700fc0, 0x0000029561e2ead0,
0x00000295615b2f00, 0x0000029563fa85a0, 0x0000029564026f50
}

Java Threads: ( => current thread )
  0x000002955c1caaa0 JavaThread "Common-Cleaner"             daemon [_thread_blocked, id=12732, stack(0x000000fe2f900000,0x000000fe2fa00000) (1024K)]
  0x000002955c1d4c60 JavaThread "Reference Handler"          daemon [_thread_blocked, id=25008, stack(0x000000fe2fa00000,0x000000fe2fb00000) (1024K)]
  0x000002955c1d56c0 JavaThread "Finalizer"                  daemon [_thread_blocked, id=27304, stack(0x000000fe2fb00000,0x000000fe2fc00000) (1024K)]
  0x000002955c1dc100 JavaThread "Signal Dispatcher"          daemon [_thread_blocked, id=5356, stack(0x000000fe2fc00000,0x000000fe2fd00000) (1024K)]
  0x000002955c1dccc0 JavaThread "Attach Listener"            daemon [_thread_blocked, id=3656, stack(0x000000fe2fd00000,0x000000fe2fe00000) (1024K)]
  0x000002955c1e0400 JavaThread "Service Thread"             daemon [_thread_blocked, id=26464, stack(0x000000fe2fe00000,0x000000fe2ff00000) (1024K)]
  0x000002955c1e9b40 JavaThread "Monitor Deflation Thread"   daemon [_thread_blocked, id=10812, stack(0x000000fe2ff00000,0x000000fe30000000) (1024K)]
=>0x000002955c1f3850 JavaThread "C1 CompilerThread0"         daemon [_thread_in_native, id=2252, stack(0x000000fe30000000,0x000000fe30100000) (1024K)]
  0x0000029561199190 JavaThread "Notification Thread"        daemon [_thread_blocked, id=28512, stack(0x000000fe30500000,0x000000fe30600000) (1024K)]
  0x0000029561b84dd0 JavaThread "RMI TCP Accept-0"           daemon [_thread_in_native, id=6960, stack(0x000000fe30600000,0x000000fe30700000) (1024K)]
  0x0000029561bab9f0 JavaThread "RMI Scheduler(0)"           daemon [_thread_blocked, id=25996, stack(0x000000fe30800000,0x000000fe30900000) (1024K)]
  0x00000295626fe0e0 JavaThread "PostgreSQL-JDBC-Cleaner"    daemon [_thread_blocked, id=26268, stack(0x000000fe31d00000,0x000000fe31e00000) (1024K)]
  0x00000295626fb200 JavaThread "HikariPool-1:housekeeper"   daemon [_thread_blocked, id=15588, stack(0x000000fe31e00000,0x000000fe31f00000) (1024K)]
  0x00000295626ff850 JavaThread "Catalina-utility-1"                [_thread_blocked, id=17388, stack(0x000000fe32000000,0x000000fe32100000) (1024K)]
  0x0000029562700fc0 JavaThread "Catalina-utility-2"                [_thread_blocked, id=19720, stack(0x000000fe32100000,0x000000fe32200000) (1024K)]
  0x0000029561e2ead0 JavaThread "container-0"                       [_thread_blocked, id=26772, stack(0x000000fe32200000,0x000000fe32300000) (1024K)]
  0x00000295615b2f00 JavaThread "Live Reload Server"         daemon [_thread_in_native, id=13400, stack(0x000000fe32500000,0x000000fe32600000) (1024K)]
  0x0000029563fa85a0 JavaThread "DestroyJavaVM"                     [_thread_blocked, id=4976, stack(0x000000fe2f100000,0x000000fe2f200000) (1024K)]
  0x0000029564026f50 JavaThread "Thread-5"                          [_thread_in_vm, id=16360, stack(0x000000fe2f000000,0x000000fe2f100000) (1024K)]
Total: 19

Other Threads:
  0x000002955c1ba900 VMThread "VM Thread"                           [id=14200, stack(0x000000fe2f800000,0x000000fe2f900000) (1024K)]
  0x000002955c088bc0 WatcherThread "VM Periodic Task Thread"        [id=12124, stack(0x000000fe2f700000,0x000000fe2f800000) (1024K)]
  0x000002954e4090e0 WorkerThread "GC Thread#0"                     [id=8924, stack(0x000000fe2f200000,0x000000fe2f300000) (1024K)]
  0x00000295623195a0 WorkerThread "GC Thread#1"                     [id=9172, stack(0x000000fe30c00000,0x000000fe30d00000) (1024K)]
  0x000002956231a1f0 WorkerThread "GC Thread#2"                     [id=21328, stack(0x000000fe30d00000,0x000000fe30e00000) (1024K)]
  0x000002956231aa30 WorkerThread "GC Thread#3"                     [id=11148, stack(0x000000fe30e00000,0x000000fe30f00000) (1024K)]
  0x00000295615ef610 WorkerThread "GC Thread#4"                     [id=19624, stack(0x000000fe30f00000,0x000000fe31000000) (1024K)]
  0x00000295615efeb0 WorkerThread "GC Thread#5"                     [id=11420, stack(0x000000fe31000000,0x000000fe31100000) (1024K)]
  0x00000295615f1440 WorkerThread "GC Thread#6"                     [id=26476, stack(0x000000fe31400000,0x000000fe31500000) (1024K)]
  0x00000295615f1890 WorkerThread "GC Thread#7"                     [id=3368, stack(0x000000fe31500000,0x000000fe31600000) (1024K)]
  0x00000295615f2580 WorkerThread "GC Thread#8"                     [id=17536, stack(0x000000fe31600000,0x000000fe31700000) (1024K)]
  0x00000295615f29d0 WorkerThread "GC Thread#9"                     [id=4404, stack(0x000000fe31700000,0x000000fe31800000) (1024K)]
  0x00000295626efd80 WorkerThread "GC Thread#10"                    [id=19340, stack(0x000000fe31a00000,0x000000fe31b00000) (1024K)]
  0x00000295626ef930 WorkerThread "GC Thread#11"                    [id=15156, stack(0x000000fe31b00000,0x000000fe31c00000) (1024K)]
  0x00000295626edb00 WorkerThread "GC Thread#12"                    [id=10032, stack(0x000000fe31100000,0x000000fe31200000) (1024K)]
  0x000002954e41c9e0 ConcurrentGCThread "G1 Main Marker"            [id=11708, stack(0x000000fe2f300000,0x000000fe2f400000) (1024K)]
  0x000002954e41d580 WorkerThread "G1 Conc#0"                       [id=27164, stack(0x000000fe2f400000,0x000000fe2f500000) (1024K)]
  0x00000295626ed260 WorkerThread "G1 Conc#1"                       [id=26720, stack(0x000000fe31800000,0x000000fe31900000) (1024K)]
  0x00000295626edf50 WorkerThread "G1 Conc#2"                       [id=21012, stack(0x000000fe31900000,0x000000fe31a00000) (1024K)]
  0x000002955c07c9f0 ConcurrentGCThread "G1 Refine#0"               [id=12500, stack(0x000000fe2f500000,0x000000fe2f600000) (1024K)]
  0x000002955c07d400 ConcurrentGCThread "G1 Service"                [id=24968, stack(0x000000fe2f600000,0x000000fe2f700000) (1024K)]
Total: 21

Threads with active compile tasks:
C1 CompilerThread0  321649 11259  s!   1       jdk.internal.loader.URLClassPath::getLoader (202 bytes)
Total: 1

VM state: not at safepoint (normal execution)

VM Mutex/Monitor currently owned by a thread: None

Heap address: 0x0000000744800000, size: 3000 MB, Compressed Oops mode: Zero based, Oop shift amount: 3

CDS archive(s) mapped at: [0x000000002b000000-0x000000002ccc0000-0x000000002ccc0000), size 30146560, SharedBaseAddress: 0x000000002b000000, ArchiveRelocationMode: 1.
Compressed class space mapped at: 0x000000002d000000-0x000000006d000000, reserved size: 1073741824
UseCompressedClassPointers 1, UseCompactObjectHeaders 0
Narrow klass pointer bits 32, Max shift 3
Narrow klass base: 0x000000002b000000, Narrow klass shift: 0
Encoding Range: [0x000000002b000000 - 0x000000012b000000), (4294967296 bytes)
Klass Range:    [0x000000002b010000 - 0x000000006d000000), (1107230720 bytes)
Klass ID Range:  [65536 - 1107296249) (1107230713)
Protection zone: [0x000000002b000000 - 0x000000002b010000), (65536 bytes)

GC Precious Log:
 CardTable entry size: 512
 Card Set container configuration: InlinePtr #cards 4 size 8 Array Of Cards #cards 16 size 48 Howl #buckets 8 coarsen threshold 3686 Howl Bitmap #cards 512 size 80 coarsen threshold 460 Card regions per heap region 1 cards per card region 4096
 CPUs: 16 total, 16 available
 Memory: 11995M
 Large Page Support: Disabled
 NUMA Support: Disabled
 Compressed Oops: Enabled (Zero based)
 Heap Region Size: 2M
 Heap Min Capacity: 8M
 Heap Initial Capacity: 188M
 Heap Max Capacity: 3000M
 Pre-touch: Disabled
 Parallel Workers: 13
 Concurrent Workers: 3
 Concurrent Refinement Workers: 13
 Periodic GC: Disabled

Heap:
 garbage-first heap   total reserved 3072000K, committed 110592K, used 77966K [0x0000000744800000, 0x0000000800000000)
  region size 2048K, 19 young (38912K), 1 survivors (2048K)

Heap Regions: E=young(eden), S=young(survivor), O=old, HS=humongous(starts), HC=humongous(continues), CS=collection set, F=free, TAMS=top-at-mark-start, PB=parsable bottom
|   0|0x0000000744800000, 0x0000000744a00000, 0x0000000744a00000|100%| O|  |TAMS 0x0000000744800000| PB 0x0000000744800000| Untracked |  0
|   1|0x0000000744a00000, 0x0000000744c00000, 0x0000000744c00000|100%| O|  |TAMS 0x0000000744a00000| PB 0x0000000744a00000| Untracked |  0
|   2|0x0000000744c00000, 0x0000000744e00000, 0x0000000744e00000|100%| O|  |TAMS 0x0000000744c00000| PB 0x0000000744c00000| Untracked |  0
|   3|0x0000000744e00000, 0x0000000745000000, 0x0000000745000000|100%| O|  |TAMS 0x0000000744e00000| PB 0x0000000744e00000| Untracked |  0
|   4|0x0000000745000000, 0x0000000745200000, 0x0000000745200000|100%| O|  |TAMS 0x0000000745000000| PB 0x0000000745000000| Untracked |  0
|   5|0x0000000745200000, 0x0000000745400000, 0x0000000745400000|100%| O|  |TAMS 0x0000000745200000| PB 0x0000000745200000| Untracked |  0
|   6|0x0000000745400000, 0x0000000745600000, 0x0000000745600000|100%| O|  |TAMS 0x0000000745400000| PB 0x0000000745400000| Untracked |  0
|   7|0x0000000745600000, 0x0000000745800000, 0x0000000745800000|100%| O|  |TAMS 0x0000000745600000| PB 0x0000000745600000| Untracked |  0
|   8|0x0000000745800000, 0x0000000745a00000, 0x0000000745a00000|100%| O|  |TAMS 0x0000000745800000| PB 0x0000000745800000| Untracked |  0
|   9|0x0000000745a00000, 0x0000000745c00000, 0x0000000745c00000|100%| O|Cm|TAMS 0x0000000745a00000| PB 0x0000000745a00000| Complete |  0
|  10|0x0000000745c00000, 0x0000000745e00000, 0x0000000745e00000|100%| O|  |TAMS 0x0000000745c00000| PB 0x0000000745c00000| Untracked |  0
|  11|0x0000000745e00000, 0x0000000746000000, 0x0000000746000000|100%| O|  |TAMS 0x0000000745e00000| PB 0x0000000745e00000| Untracked |  0
|  12|0x0000000746000000, 0x0000000746200000, 0x0000000746200000|100%| O|  |TAMS 0x0000000746000000| PB 0x0000000746000000| Untracked |  0
|  13|0x0000000746200000, 0x0000000746400000, 0x0000000746400000|100%| O|  |TAMS 0x0000000746200000| PB 0x0000000746200000| Untracked |  0
|  14|0x0000000746400000, 0x0000000746600000, 0x0000000746600000|100%| O|  |TAMS 0x0000000746400000| PB 0x0000000746400000| Untracked |  0
|  15|0x0000000746600000, 0x0000000746800000, 0x0000000746800000|100%| O|  |TAMS 0x0000000746600000| PB 0x0000000746600000| Untracked |  0
|  16|0x0000000746800000, 0x0000000746800000, 0x0000000746a00000|  0%| F|  |TAMS 0x0000000746800000| PB 0x0000000746800000| Untracked |  0
|  17|0x0000000746a00000, 0x0000000746c00000, 0x0000000746c00000|100%| O|  |TAMS 0x0000000746a00000| PB 0x0000000746a00000| Untracked |  0
|  18|0x0000000746c00000, 0x0000000746dfb500, 0x0000000746e00000| 99%| O|  |TAMS 0x0000000746c00000| PB 0x0000000746c00000| Untracked |  0
|  19|0x0000000746e00000, 0x0000000746e00000, 0x0000000747000000|  0%| F|  |TAMS 0x0000000746e00000| PB 0x0000000746e00000| Untracked |  0
|  20|0x0000000747000000, 0x0000000747000000, 0x0000000747200000|  0%| F|  |TAMS 0x0000000747000000| PB 0x0000000747000000| Untracked |  0
|  21|0x0000000747200000, 0x0000000747400000, 0x0000000747400000|100%| O|  |TAMS 0x0000000747200000| PB 0x0000000747200000| Untracked |  0
|  22|0x0000000747400000, 0x0000000747428420, 0x0000000747600000|  7%| S|CS|TAMS 0x0000000747400000| PB 0x0000000747400000| Complete |  0
|  23|0x0000000747600000, 0x0000000747600000, 0x0000000747800000|  0%| F|  |TAMS 0x0000000747600000| PB 0x0000000747600000| Untracked |  0
|  24|0x0000000747800000, 0x0000000747800000, 0x0000000747a00000|  0%| F|  |TAMS 0x0000000747800000| PB 0x0000000747800000| Untracked |  0
|  25|0x0000000747a00000, 0x0000000747a00000, 0x0000000747c00000|  0%| F|  |TAMS 0x0000000747a00000| PB 0x0000000747a00000| Untracked |  0
|  26|0x0000000747c00000, 0x0000000747c00000, 0x0000000747e00000|  0%| F|  |TAMS 0x0000000747c00000| PB 0x0000000747c00000| Untracked |  0
|  27|0x0000000747e00000, 0x0000000747e00000, 0x0000000748000000|  0%| F|  |TAMS 0x0000000747e00000| PB 0x0000000747e00000| Untracked |  0
|  28|0x0000000748000000, 0x0000000748000000, 0x0000000748200000|  0%| F|  |TAMS 0x0000000748000000| PB 0x0000000748000000| Untracked |  0
|  29|0x0000000748200000, 0x0000000748200000, 0x0000000748400000|  0%| F|  |TAMS 0x0000000748200000| PB 0x0000000748200000| Untracked |  0
|  30|0x0000000748400000, 0x0000000748400000, 0x0000000748600000|  0%| F|  |TAMS 0x0000000748400000| PB 0x0000000748400000| Untracked |  0
|  31|0x0000000748600000, 0x0000000748600000, 0x0000000748800000|  0%| F|  |TAMS 0x0000000748600000| PB 0x0000000748600000| Untracked |  0
|  32|0x0000000748800000, 0x0000000748800000, 0x0000000748a00000|  0%| F|  |TAMS 0x0000000748800000| PB 0x0000000748800000| Untracked |  0
|  33|0x0000000748a00000, 0x0000000748a00000, 0x0000000748c00000|  0%| F|  |TAMS 0x0000000748a00000| PB 0x0000000748a00000| Untracked |  0
|  34|0x0000000748c00000, 0x0000000748ca3dd8, 0x0000000748e00000| 32%| E|  |TAMS 0x0000000748c00000| PB 0x0000000748c00000| Complete |  0
|  35|0x0000000748e00000, 0x0000000749000000, 0x0000000749000000|100%| E|CS|TAMS 0x0000000748e00000| PB 0x0000000748e00000| Complete |  0
|  36|0x0000000749000000, 0x0000000749200000, 0x0000000749200000|100%| E|CS|TAMS 0x0000000749000000| PB 0x0000000749000000| Complete |  0
|  37|0x0000000749200000, 0x0000000749400000, 0x0000000749400000|100%| E|CS|TAMS 0x0000000749200000| PB 0x0000000749200000| Complete |  0
|  38|0x0000000749400000, 0x0000000749600000, 0x0000000749600000|100%| E|CS|TAMS 0x0000000749400000| PB 0x0000000749400000| Complete |  0
|  39|0x0000000749600000, 0x0000000749800000, 0x0000000749800000|100%| E|CS|TAMS 0x0000000749600000| PB 0x0000000749600000| Complete |  0
|  40|0x0000000749800000, 0x0000000749a00000, 0x0000000749a00000|100%| E|CS|TAMS 0x0000000749800000| PB 0x0000000749800000| Complete |  0
|  41|0x0000000749a00000, 0x0000000749c00000, 0x0000000749c00000|100%| E|CS|TAMS 0x0000000749a00000| PB 0x0000000749a00000| Complete |  0
|  42|0x0000000749c00000, 0x0000000749e00000, 0x0000000749e00000|100%| E|CS|TAMS 0x0000000749c00000| PB 0x0000000749c00000| Complete |  0
|  43|0x0000000749e00000, 0x000000074a000000, 0x000000074a000000|100%| E|CS|TAMS 0x0000000749e00000| PB 0x0000000749e00000| Complete |  0
|  66|0x000000074cc00000, 0x000000074ce00000, 0x000000074ce00000|100%| E|CS|TAMS 0x000000074cc00000| PB 0x000000074cc00000| Complete |  0
|  70|0x000000074d400000, 0x000000074d600000, 0x000000074d600000|100%| E|CS|TAMS 0x000000074d400000| PB 0x000000074d400000| Complete |  0
|  71|0x000000074d600000, 0x000000074d800000, 0x000000074d800000|100%| E|CS|TAMS 0x000000074d600000| PB 0x000000074d600000| Complete |  0
|  72|0x000000074d800000, 0x000000074da00000, 0x000000074da00000|100%| E|CS|TAMS 0x000000074d800000| PB 0x000000074d800000| Complete |  0
|  73|0x000000074da00000, 0x000000074dc00000, 0x000000074dc00000|100%| E|CS|TAMS 0x000000074da00000| PB 0x000000074da00000| Complete |  0
|  93|0x0000000750200000, 0x0000000750400000, 0x0000000750400000|100%| E|CS|TAMS 0x0000000750200000| PB 0x0000000750200000| Complete |  0
|1496|0x00000007ff800000, 0x00000007ffa00000, 0x00000007ffa00000|100%| O|  |TAMS 0x00000007ff800000| PB 0x00000007ff800000| Untracked |  0
|1497|0x00000007ffa00000, 0x00000007ffc00000, 0x00000007ffc00000|100%| E|CS|TAMS 0x00000007ffa00000| PB 0x00000007ffa00000| Complete |  0
|1498|0x00000007ffc00000, 0x00000007ffe00000, 0x00000007ffe00000|100%| O|  |TAMS 0x00000007ffc00000| PB 0x00000007ffc00000| Untracked |  0
|1499|0x00000007ffe00000, 0x0000000800000000, 0x0000000800000000|100%| E|CS|TAMS 0x00000007ffe00000| PB 0x00000007ffe00000| Complete |  0

Card table byte_map: [0x0000029556200000,0x00000295567e0000] _byte_map_base: 0x00000295527dc000

Marking Bits: (CMBitMap*) 0x000002954e409870
 Bits: [0x00000295567e0000, 0x00000295596c0000)

Polling page: 0x000002954c1d0000

Metaspace:
Metaspace        used 79309K, committed 80256K, reserved 1179648K
 class space     used 12388K, committed 12736K, reserved 1048576K

Usage:
  Non-class:     65.35 MB used.
      Class:     12.10 MB used.
       Both:     77.45 MB used.

Virtual space:
  Non-class space:      128.00 MB reserved,      65.94 MB ( 52%) committed,  2 nodes.
      Class space:        1.00 GB reserved,      12.44 MB (  1%) committed,  1 nodes.
             Both:        1.12 GB reserved,      78.38 MB (  7%) committed. 

Chunk freelists:
   Non-Class:  14.04 MB
       Class:  3.53 MB
        Both:  17.58 MB

MaxMetaspaceSize: unlimited
CompressedClassSpaceSize: 1.00 GB
Initial GC threshold: 21.00 MB
Current GC threshold: 130.56 MB
CDS: on
 - commit_granule_bytes: 65536.
 - commit_granule_words: 8192.
 - virtual_space_node_default_size: 8388608.
 - enlarge_chunks_in_place: 1.
UseCompressedClassPointers 1, UseCompactObjectHeaders 0
Narrow klass pointer bits 32, Max shift 3
Narrow klass base: 0x000000002b000000, Narrow klass shift: 0
Encoding Range: [0x000000002b000000 - 0x000000012b000000), (4294967296 bytes)
Klass Range:    [0x000000002b010000 - 0x000000006d000000), (1107230720 bytes)
Klass ID Range:  [65536 - 1107296249) (1107230713)
Protection zone: [0x000000002b000000 - 0x000000002b010000), (65536 bytes)


Internal statistics:

num_allocs_failed_limit: 6.
num_arena_births: 1082.
num_arena_deaths: 348.
num_vsnodes_births: 3.
num_vsnodes_deaths: 0.
num_space_committed: 1254.
num_space_uncommitted: 0.
num_chunks_returned_to_freelist: 365.
num_chunks_taken_from_freelist: 4187.
num_chunk_merges: 97.
num_chunk_splits: 3032.
num_chunks_enlarged: 2465.
num_inconsistent_stats: 0.

CodeCache: size=49152Kb used=3163Kb max_used=15551Kb free=45988Kb
 bounds [0x00000295523a0000, 0x00000295532d0000, 0x00000295553a0000]
 total_blobs=2225, nmethods=1479, adapters=669, full_count=0
Compilation: enabled, stopped_count=0, restarted_count=0

Compilation events (20 events):
Event: 273.691 Thread 0x000002955c1f3850 nmethod 11249 0x000002955275e888 code [0x000002955275e980, 0x000002955275ed48]
Event: 281.595 Thread 0x000002955c1f3850 11250       1       org.springframework.boot.devtools.filewatch.FileSystemWatcher$Watcher::scan (63 bytes)
Event: 281.596 Thread 0x000002955c1f3850 nmethod 11250 0x0000029552816e88 code [0x0000029552816f80, 0x0000029552817348]
Event: 308.296 Thread 0x000002955c1f3850 11251       1       java.util.Collections$UnmodifiableMap$UnmodifiableEntrySet::iterator (9 bytes)
Event: 308.297 Thread 0x000002955c1f3850 nmethod 11251 0x00000295524a8f08 code [0x00000295524a9000, 0x00000295524a9220]
Event: 308.297 Thread 0x000002955c1f3850 11252       1       java.util.Collections$UnmodifiableMap$UnmodifiableEntrySet$1::<init> (31 bytes)
Event: 308.298 Thread 0x000002955c1f3850 nmethod 11252 0x0000029552746d08 code [0x0000029552746e00, 0x0000029552747078]
Event: 318.314 Thread 0x000002955c1f3850 11253       1       org.springframework.boot.devtools.filewatch.FileSnapshot::getFile (5 bytes)
Event: 318.314 Thread 0x000002955c1f3850 nmethod 11253 0x00000295524a2988 code [0x00000295524a2a80, 0x00000295524a2b48]
Event: 318.321 Thread 0x000002955c1f3850 11254       1       java.lang.String::charAt (25 bytes)
Event: 318.325 Thread 0x000002955c1f3850 nmethod 11254 0x00000295524b1a88 code [0x00000295524b1b80, 0x00000295524b1d68]
Event: 318.325 Thread 0x000002955c1f3850 11255       1       java.lang.StringLatin1::charAt (15 bytes)
Event: 318.326 Thread 0x000002955c1f3850 nmethod 11255 0x00000295524c2608 code [0x00000295524c2700, 0x00000295524c2818]
Event: 318.326 Thread 0x000002955c1f3850 11256       1       java.lang.String::checkIndex (10 bytes)
Event: 318.326 Thread 0x000002955c1f3850 nmethod 11256 0x00000295524c3008 code [0x00000295524c3100, 0x00000295524c31e0]
Event: 318.326 Thread 0x000002955c1f3850 11257       1       jdk.internal.util.Preconditions::checkIndex (18 bytes)
Event: 318.328 Thread 0x000002955c1f3850 nmethod 11257 0x00000295524a5088 code [0x00000295524a5180, 0x00000295524a54f8]
Event: 318.328 Thread 0x000002955c1f3850 11258       1       java.lang.String::isLatin1 (19 bytes)
Event: 318.328 Thread 0x000002955c1f3850 nmethod 11258 0x00000295524c4f88 code [0x00000295524c5080, 0x00000295524c5158]
Event: 318.333 Thread 0x000002955c1f3850 11259  s!   1       jdk.internal.loader.URLClassPath::getLoader (202 bytes)

GC Heap Usage History (20 events):
Event: 169.195 {heap Before GC invocations=39 (full 0):
 garbage-first heap   total reserved 3072000K, committed 110592K, used 101794K [0x0000000744800000, 0x0000000800000000)
  region size 2048K, 29 young (59392K), 1 survivors (2048K)
}
Event: 169.205 {heap After GC invocations=40 (full 0):
 garbage-first heap   total reserved 3072000K, committed 110592K, used 44416K [0x0000000744800000, 0x0000000800000000)
  region size 2048K, 1 young (2048K), 1 survivors (2048K)
}
Event: 185.148 {heap Before GC invocations=41 (full 0):
 garbage-first heap   total reserved 3072000K, committed 110592K, used 101760K [0x0000000744800000, 0x0000000800000000)
  region size 2048K, 29 young (59392K), 1 survivors (2048K)
}
Event: 185.153 {heap After GC invocations=42 (full 0):
 garbage-first heap   total reserved 3072000K, committed 110592K, used 44438K [0x0000000744800000, 0x0000000800000000)
  region size 2048K, 1 young (2048K), 1 survivors (2048K)
}
Event: 200.566 {heap Before GC invocations=42 (full 0):
 garbage-first heap   total reserved 3072000K, committed 110592K, used 101782K [0x0000000744800000, 0x0000000800000000)
  region size 2048K, 29 young (59392K), 1 survivors (2048K)
}
Event: 200.571 {heap After GC invocations=43 (full 0):
 garbage-first heap   total reserved 3072000K, committed 110592K, used 43307K [0x0000000744800000, 0x0000000800000000)
  region size 2048K, 1 young (2048K), 1 survivors (2048K)
}
Event: 216.090 {heap Before GC invocations=43 (full 0):
 garbage-first heap   total reserved 3072000K, committed 110592K, used 100651K [0x0000000744800000, 0x0000000800000000)
  region size 2048K, 29 young (59392K), 1 survivors (2048K)
}
Event: 216.097 {heap After GC invocations=44 (full 0):
 garbage-first heap   total reserved 3072000K, committed 110592K, used 43431K [0x0000000744800000, 0x0000000800000000)
  region size 2048K, 1 young (2048K), 1 survivors (2048K)
}
Event: 232.019 {heap Before GC invocations=45 (full 0):
 garbage-first heap   total reserved 3072000K, committed 110592K, used 100775K [0x0000000744800000, 0x0000000800000000)
  region size 2048K, 29 young (59392K), 1 survivors (2048K)
}
Event: 232.025 {heap After GC invocations=46 (full 0):
 garbage-first heap   total reserved 3072000K, committed 110592K, used 43408K [0x0000000744800000, 0x0000000800000000)
  region size 2048K, 1 young (2048K), 1 survivors (2048K)
}
Event: 246.975 {heap Before GC invocations=46 (full 0):
 garbage-first heap   total reserved 3072000K, committed 110592K, used 98704K [0x0000000744800000, 0x0000000800000000)
  region size 2048K, 28 young (57344K), 1 survivors (2048K)
}
Event: 247.001 {heap After GC invocations=47 (full 0):
 garbage-first heap   total reserved 3072000K, committed 110592K, used 43047K [0x0000000744800000, 0x0000000800000000)
  region size 2048K, 1 young (2048K), 1 survivors (2048K)
}
Event: 262.464 {heap Before GC invocations=47 (full 0):
 garbage-first heap   total reserved 3072000K, committed 110592K, used 100391K [0x0000000744800000, 0x0000000800000000)
  region size 2048K, 29 young (59392K), 1 survivors (2048K)
}
Event: 262.469 {heap After GC invocations=48 (full 0):
 garbage-first heap   total reserved 3072000K, committed 110592K, used 43248K [0x0000000744800000, 0x0000000800000000)
  region size 2048K, 1 young (2048K), 1 survivors (2048K)
}
Event: 277.948 {heap Before GC invocations=49 (full 0):
 garbage-first heap   total reserved 3072000K, committed 110592K, used 98544K [0x0000000744800000, 0x0000000800000000)
  region size 2048K, 28 young (57344K), 1 survivors (2048K)
}
Event: 277.949 {heap After GC invocations=50 (full 0):
 garbage-first heap   total reserved 3072000K, committed 110592K, used 43204K [0x0000000744800000, 0x0000000800000000)
  region size 2048K, 1 young (2048K), 1 survivors (2048K)
}
Event: 292.843 {heap Before GC invocations=50 (full 0):
 garbage-first heap   total reserved 3072000K, committed 110592K, used 98500K [0x0000000744800000, 0x0000000800000000)
  region size 2048K, 28 young (57344K), 1 survivors (2048K)
}
Event: 292.850 {heap After GC invocations=51 (full 0):
 garbage-first heap   total reserved 3072000K, committed 110592K, used 42897K [0x0000000744800000, 0x0000000800000000)
  region size 2048K, 1 young (2048K), 1 survivors (2048K)
}
Event: 308.234 {heap Before GC invocations=51 (full 0):
 garbage-first heap   total reserved 3072000K, committed 110592K, used 100241K [0x0000000744800000, 0x0000000800000000)
  region size 2048K, 29 young (59392K), 1 survivors (2048K)
}
Event: 308.236 {heap After GC invocations=52 (full 0):
 garbage-first heap   total reserved 3072000K, committed 110592K, used 43150K [0x0000000744800000, 0x0000000800000000)
  region size 2048K, 1 young (2048K), 1 survivors (2048K)
}

Metaspace Usage History (20 events):
Event: 169.195 {metaspace Before GC invocations=39 (full 0):
 Metaspace       used 79266K, committed 80256K, reserved 1179648K
  class space    used 12377K, committed 12736K, reserved 1048576K
}
Event: 169.205 {metaspace After GC invocations=40 (full 0):
 Metaspace       used 79266K, committed 80256K, reserved 1179648K
  class space    used 12377K, committed 12736K, reserved 1048576K
}
Event: 185.148 {metaspace Before GC invocations=41 (full 0):
 Metaspace       used 79266K, committed 80256K, reserved 1179648K
  class space    used 12377K, committed 12736K, reserved 1048576K
}
Event: 185.153 {metaspace After GC invocations=42 (full 0):
 Metaspace       used 79266K, committed 80256K, reserved 1179648K
  class space    used 12377K, committed 12736K, reserved 1048576K
}
Event: 200.566 {metaspace Before GC invocations=42 (full 0):
 Metaspace       used 79268K, committed 80256K, reserved 1179648K
  class space    used 12377K, committed 12736K, reserved 1048576K
}
Event: 200.571 {metaspace After GC invocations=43 (full 0):
 Metaspace       used 79268K, committed 80256K, reserved 1179648K
  class space    used 12377K, committed 12736K, reserved 1048576K
}
Event: 216.090 {metaspace Before GC invocations=43 (full 0):
 Metaspace       used 79268K, committed 80256K, reserved 1179648K
  class space    used 12377K, committed 12736K, reserved 1048576K
}
Event: 216.097 {metaspace After GC invocations=44 (full 0):
 Metaspace       used 79268K, committed 80256K, reserved 1179648K
  class space    used 12377K, committed 12736K, reserved 1048576K
}
Event: 232.019 {metaspace Before GC invocations=45 (full 0):
 Metaspace       used 79268K, committed 80256K, reserved 1179648K
  class space    used 12377K, committed 12736K, reserved 1048576K
}
Event: 232.025 {metaspace After GC invocations=46 (full 0):
 Metaspace       used 79268K, committed 80256K, reserved 1179648K
  class space    used 12377K, committed 12736K, reserved 1048576K
}
Event: 246.975 {metaspace Before GC invocations=46 (full 0):
 Metaspace       used 79268K, committed 80256K, reserved 1179648K
  class space    used 12377K, committed 12736K, reserved 1048576K
}
Event: 247.001 {metaspace After GC invocations=47 (full 0):
 Metaspace       used 79268K, committed 80256K, reserved 1179648K
  class space    used 12377K, committed 12736K, reserved 1048576K
}
Event: 262.464 {metaspace Before GC invocations=47 (full 0):
 Metaspace       used 79268K, committed 80256K, reserved 1179648K
  class space    used 12377K, committed 12736K, reserved 1048576K
}
Event: 262.469 {metaspace After GC invocations=48 (full 0):
 Metaspace       used 79268K, committed 80256K, reserved 1179648K
  class space    used 12377K, committed 12736K, reserved 1048576K
}
Event: 277.948 {metaspace Before GC invocations=49 (full 0):
 Metaspace       used 79237K, committed 80256K, reserved 1179648K
  class space    used 12369K, committed 12736K, reserved 1048576K
}
Event: 277.949 {metaspace After GC invocations=50 (full 0):
 Metaspace       used 79237K, committed 80256K, reserved 1179648K
  class space    used 12369K, committed 12736K, reserved 1048576K
}
Event: 292.843 {metaspace Before GC invocations=50 (full 0):
 Metaspace       used 79237K, committed 80256K, reserved 1179648K
  class space    used 12369K, committed 12736K, reserved 1048576K
}
Event: 292.850 {metaspace After GC invocations=51 (full 0):
 Metaspace       used 79237K, committed 80256K, reserved 1179648K
  class space    used 12369K, committed 12736K, reserved 1048576K
}
Event: 308.234 {metaspace Before GC invocations=51 (full 0):
 Metaspace       used 79238K, committed 80256K, reserved 1179648K
  class space    used 12369K, committed 12736K, reserved 1048576K
}
Event: 308.236 {metaspace After GC invocations=52 (full 0):
 Metaspace       used 79238K, committed 80256K, reserved 1179648K
  class space    used 12369K, committed 12736K, reserved 1048576K
}

Dll operation events (3 events):
Event: 0.013 Loaded shared library C:\Users\Hussam\.jdks\jbr-25.0.2-1\bin\java.dll
Event: 0.142 Loaded shared library C:\Users\Hussam\.jdks\jbr-25.0.2-1\bin\zip.dll
Event: 2.417 Loaded shared library C:\Users\Hussam\.jdks\jbr-25.0.2-1\bin\verify.dll

Deoptimization events (20 events):
Event: 6.799 Thread 0x0000029563fa8d70 DEOPT PACKING pc=0x000002955274298c sp=0x000000fe30afd680
Event: 6.799 Thread 0x0000029563fa8d70 DEOPT UNPACKING pc=0x00000295523f1702 sp=0x000000fe30afcba8 mode 0
Event: 6.805 Thread 0x0000029563fa8d70 DEOPT PACKING pc=0x00000295526f35cc sp=0x000000fe30afd780
Event: 6.805 Thread 0x0000029563fa8d70 DEOPT UNPACKING pc=0x00000295523f1702 sp=0x000000fe30afcc50 mode 0
Event: 6.808 Thread 0x0000029563fa8d70 DEOPT PACKING pc=0x0000029552742b5c sp=0x000000fe30afdee0
Event: 6.808 Thread 0x0000029563fa8d70 DEOPT UNPACKING pc=0x00000295523f1702 sp=0x000000fe30afd408 mode 0
Event: 6.808 Thread 0x0000029563fa8d70 DEOPT PACKING pc=0x00000295526f35cc sp=0x000000fe30afdfe0
Event: 6.808 Thread 0x0000029563fa8d70 DEOPT UNPACKING pc=0x00000295523f1702 sp=0x000000fe30afd4b0 mode 0
Event: 6.808 Thread 0x0000029563fa8d70 DEOPT PACKING pc=0x0000029552742b5c sp=0x000000fe30afe380
Event: 6.808 Thread 0x0000029563fa8d70 DEOPT UNPACKING pc=0x00000295523f1702 sp=0x000000fe30afd8a8 mode 0
Event: 6.808 Thread 0x0000029563fa8d70 DEOPT PACKING pc=0x00000295526f35cc sp=0x000000fe30afe480
Event: 6.808 Thread 0x0000029563fa8d70 DEOPT UNPACKING pc=0x00000295523f1702 sp=0x000000fe30afd950 mode 0
Event: 10.095 Thread 0x0000029563fa8d70 DEOPT PACKING pc=0x00000295530d68dc sp=0x000000fe30afefd0
Event: 10.095 Thread 0x0000029563fa8d70 DEOPT UNPACKING pc=0x00000295523f1702 sp=0x000000fe30afe468 mode 0
Event: 30.454 Thread 0x0000029561e2c3c0 DEOPT PACKING pc=0x00000295530d68dc sp=0x000000fe331fefd0
Event: 30.454 Thread 0x0000029564026780 DEOPT PACKING pc=0x00000295530d68dc sp=0x000000fe335ff2d0
Event: 30.454 Thread 0x0000029564026780 DEOPT UNPACKING pc=0x00000295523f1702 sp=0x000000fe335fe768 mode 0
Event: 30.454 Thread 0x0000029561e2c3c0 DEOPT UNPACKING pc=0x00000295523f1702 sp=0x000000fe331fe468 mode 0
Event: 30.454 Thread 0x0000029561b8fd00 DEOPT PACKING pc=0x00000295530d68dc sp=0x000000fe307ff2a0
Event: 30.454 Thread 0x0000029561b8fd00 DEOPT UNPACKING pc=0x00000295523f1702 sp=0x000000fe307fe738 mode 0

Classes loaded (20 events):
Event: 6.729 Loading class org/w3c/dom/Document
Event: 6.729 Loading class org/w3c/dom/Document done
Event: 6.788 Loading class sun/nio/fs/WindowsFileStore
Event: 6.788 Loading class sun/nio/fs/WindowsFileStore done
Event: 10.058 Loading class java/nio/BufferOverflowException
Event: 10.058 Loading class java/nio/BufferOverflowException done
Event: 10.059 Loading class java/nio/channels/ReadPendingException
Event: 10.059 Loading class java/nio/channels/ReadPendingException done
Event: 10.059 Loading class java/nio/channels/WritePendingException
Event: 10.059 Loading class java/nio/channels/WritePendingException done
Event: 10.063 Loading class sun/nio/ch/SocketAdaptor
Event: 10.063 Loading class sun/nio/ch/SocketAdaptor done
Event: 10.131 Loading class java/util/concurrent/ArrayBlockingQueue$Itr
Event: 10.131 Loading class java/util/concurrent/ArrayBlockingQueue$Itr done
Event: 10.173 Loading class java/util/zip/GZIPOutputStream
Event: 10.173 Loading class java/util/zip/GZIPOutputStream done
Event: 10.243 Loading class java/util/ArrayDeque$DescendingIterator
Event: 10.243 Loading class java/util/ArrayDeque$DescendingIterator done
Event: 76.763 Loading class sun/net/ConnectionResetException
Event: 76.763 Loading class sun/net/ConnectionResetException done

Classes unloaded (20 events):
Event: 68.903 Thread 0x000002955c1ba900 Unloading class 0x000000002d045800 'java/lang/invoke/LambdaForm$DMH+0x000000002d045800'
Event: 68.903 Thread 0x000002955c1ba900 Unloading class 0x000000002d042400 'java/lang/invoke/LambdaForm$MH+0x000000002d042400'
Event: 68.903 Thread 0x000002955c1ba900 Unloading class 0x000000002d041c00 'java/lang/invoke/LambdaForm$MH+0x000000002d041c00'
Event: 68.903 Thread 0x000002955c1ba900 Unloading class 0x000000002d041800 'java/lang/invoke/LambdaForm$MH+0x000000002d041800'
Event: 68.903 Thread 0x000002955c1ba900 Unloading class 0x000000002d041000 'java/lang/invoke/LambdaForm$MH+0x000000002d041000'
Event: 262.526 Thread 0x000002955c1ba900 Unloading class 0x000000002dc99000 'java/lang/invoke/LambdaForm$MH+0x000000002dc99000'
Event: 262.526 Thread 0x000002955c1ba900 Unloading class 0x000000002dc98c00 'java/lang/invoke/LambdaForm$DMH+0x000000002dc98c00'
Event: 262.526 Thread 0x000002955c1ba900 Unloading class 0x000000002dc98800 'java/lang/invoke/LambdaForm$MH+0x000000002dc98800'
Event: 262.526 Thread 0x000002955c1ba900 Unloading class 0x000000002dc60c00 'java/lang/invoke/LambdaForm$BMH+0x000000002dc60c00'
Event: 262.526 Thread 0x000002955c1ba900 Unloading class 0x000000002dc50800 'java/lang/invoke/LambdaForm$DMH+0x000000002dc50800'
Event: 262.527 Thread 0x000002955c1ba900 Unloading class 0x000000002dc48000 'java/lang/invoke/LambdaForm$MH+0x000000002dc48000'
Event: 262.527 Thread 0x000002955c1ba900 Unloading class 0x000000002dc45800 'java/lang/invoke/LambdaForm$MH+0x000000002dc45800'
Event: 262.527 Thread 0x000002955c1ba900 Unloading class 0x000000002dc3c000 'java/lang/invoke/LambdaForm$MH+0x000000002dc3c000'
Event: 262.527 Thread 0x000002955c1ba900 Unloading class 0x000000002dc31400 'java/lang/invoke/LambdaForm$MH+0x000000002dc31400'
Event: 262.527 Thread 0x000002955c1ba900 Unloading class 0x000000002dc18c00 'java/lang/invoke/LambdaForm$MH+0x000000002dc18c00'
Event: 262.527 Thread 0x000002955c1ba900 Unloading class 0x000000002dc18400 'java/lang/invoke/LambdaForm$MH+0x000000002dc18400'
Event: 262.527 Thread 0x000002955c1ba900 Unloading class 0x000000002dc11c00 'java/lang/invoke/LambdaForm$MH+0x000000002dc11c00'
Event: 262.527 Thread 0x000002955c1ba900 Unloading class 0x000000002dc11800 'java/lang/invoke/LambdaForm$MH+0x000000002dc11800'
Event: 262.527 Thread 0x000002955c1ba900 Unloading class 0x000000002dc11400 'java/lang/invoke/LambdaForm$MH+0x000000002dc11400'
Event: 262.527 Thread 0x000002955c1ba900 Unloading class 0x000000002dc11000 'java/lang/invoke/LambdaForm$MH+0x000000002dc11000'

Classes redefined (0 events):
No events

Internal exceptions (20 events):
Event: 61.446 Thread 0x00000295615b0020 Exception <a 'sun/nio/fs/WindowsException'{0x0000000749dd4c38}> (0x0000000749dd4c38) 
thrown [s\src\hotspot\share\prims\jni.cpp, line 535]
Event: 61.447 Thread 0x00000295615b0020 Exception <a 'sun/nio/fs/WindowsException'{0x0000000749ddb1b8}> (0x0000000749ddb1b8) 
thrown [s\src\hotspot\share\prims\jni.cpp, line 535]
Event: 76.763 Thread 0x0000029563fa8d70 Exception <a 'sun/net/ConnectionResetException'{0x000000074d9a1fe8}: Connection reset> (0x000000074d9a1fe8) 
thrown [s\src\hotspot\share\prims\jni.cpp, line 569]
Event: 76.765 Thread 0x0000029561197960 Exception <a 'sun/net/ConnectionResetException'{0x0000000748e00038}: Connection reset> (0x0000000748e00038) 
thrown [s\src\hotspot\share\prims\jni.cpp, line 569]
Event: 126.476 Thread 0x00000295615b0fc0 Exception <a 'sun/nio/fs/WindowsException'{0x00000007ffe0b110}> (0x00000007ffe0b110) 
thrown [s\src\hotspot\share\prims\jni.cpp, line 535]
Event: 126.518 Thread 0x00000295615b0fc0 Exception <a 'sun/nio/fs/WindowsException'{0x00000007ffe11628}> (0x00000007ffe11628) 
thrown [s\src\hotspot\share\prims\jni.cpp, line 535]
Event: 126.521 Thread 0x00000295615b0fc0 Exception <a 'sun/nio/fs/WindowsException'{0x00000007ffb19e60}> (0x00000007ffb19e60) 
thrown [s\src\hotspot\share\prims\jni.cpp, line 535]
Event: 126.684 Thread 0x00000295615b0fc0 Exception <a 'java/io/IOException'{0x000000075030c2d8}> (0x000000075030c2d8) 
thrown [s\src\hotspot\share\prims\jni.cpp, line 535]
Event: 126.771 Thread 0x00000295615b0fc0 Exception <a 'sun/nio/fs/WindowsException'{0x0000000750311190}> (0x0000000750311190) 
thrown [s\src\hotspot\share\prims\jni.cpp, line 535]
Event: 126.772 Thread 0x00000295615b0fc0 Exception <a 'sun/nio/fs/WindowsException'{0x000000075031bf38}> (0x000000075031bf38) 
thrown [s\src\hotspot\share\prims\jni.cpp, line 535]
Event: 126.773 Thread 0x00000295615b0fc0 Exception <a 'sun/nio/fs/WindowsException'{0x00000007503224b8}> (0x00000007503224b8) 
thrown [s\src\hotspot\share\prims\jni.cpp, line 535]
Event: 126.774 Thread 0x00000295615b0fc0 Exception <a 'sun/nio/fs/WindowsException'{0x0000000750332810}> (0x0000000750332810) 
thrown [s\src\hotspot\share\prims\jni.cpp, line 535]
Event: 126.776 Thread 0x00000295615b0fc0 Exception <a 'sun/nio/fs/WindowsException'{0x000000075033cd58}> (0x000000075033cd58) 
thrown [s\src\hotspot\share\prims\jni.cpp, line 535]
Event: 126.777 Thread 0x00000295615b0fc0 Exception <a 'sun/nio/fs/WindowsException'{0x00000007503472e8}> (0x00000007503472e8) 
thrown [s\src\hotspot\share\prims\jni.cpp, line 535]
Event: 137.514 Thread 0x00000295615b2730 Exception <a 'sun/nio/fs/WindowsException'{0x00000007487fb058}> (0x00000007487fb058) 
thrown [s\src\hotspot\share\prims\jni.cpp, line 535]
Event: 138.419 Thread 0x00000295615b2730 Exception <a 'sun/nio/fs/WindowsException'{0x0000000748071988}> (0x0000000748071988) 
thrown [s\src\hotspot\share\prims\jni.cpp, line 535]
Event: 139.351 Thread 0x00000295615b2730 Exception <a 'sun/nio/fs/WindowsException'{0x0000000747dfd6b0}> (0x0000000747dfd6b0) 
thrown [s\src\hotspot\share\prims\jni.cpp, line 535]
Event: 252.530 Thread 0x00000295615b2730 Exception <a 'sun/nio/fs/WindowsException'{0x0000000749c239e8}> (0x0000000749c239e8) 
thrown [s\src\hotspot\share\prims\jni.cpp, line 535]
Event: 317.448 Thread 0x00000295615b2730 Exception <a 'sun/nio/fs/WindowsException'{0x000000074916fe40}> (0x000000074916fe40) 
thrown [s\src\hotspot\share\prims\jni.cpp, line 535]
Event: 317.854 Thread 0x00000295615b2730 Exception <a 'sun/nio/fs/WindowsException'{0x00000007491710d8}> (0x00000007491710d8) 
thrown [s\src\hotspot\share\prims\jni.cpp, line 535]

VM Operations (20 events):
Event: 240.357 Executing non-safepoint VM operation: RendezvousGCThreads
Event: 240.357 Executing non-safepoint VM operation: RendezvousGCThreads done
Event: 246.973 Executing safepoint VM operation: G1CollectForAllocation (G1 Evacuation Pause)
Event: 247.001 Executing safepoint VM operation: G1CollectForAllocation (G1 Evacuation Pause) done
Event: 262.464 Executing safepoint VM operation: G1CollectForAllocation (G1 Evacuation Pause)
Event: 262.469 Executing safepoint VM operation: G1CollectForAllocation (G1 Evacuation Pause) done
Event: 262.525 Executing safepoint VM operation: G1PauseRemark
Event: 262.735 Executing safepoint VM operation: G1PauseRemark done
Event: 262.748 Executing safepoint VM operation: G1PauseCleanup
Event: 262.751 Executing safepoint VM operation: G1PauseCleanup done
Event: 277.948 Executing safepoint VM operation: G1CollectForAllocation (G1 Evacuation Pause)
Event: 277.949 Executing safepoint VM operation: G1CollectForAllocation (G1 Evacuation Pause) done
Event: 292.843 Executing safepoint VM operation: G1CollectForAllocation (G1 Evacuation Pause)
Event: 292.850 Executing safepoint VM operation: G1CollectForAllocation (G1 Evacuation Pause) done
Event: 308.234 Executing safepoint VM operation: G1CollectForAllocation (G1 Evacuation Pause)
Event: 308.237 Executing safepoint VM operation: G1CollectForAllocation (G1 Evacuation Pause) done
Event: 308.263 Executing safepoint VM operation: G1PauseRemark
Event: 308.286 Executing safepoint VM operation: G1PauseRemark done
Event: 308.295 Executing safepoint VM operation: G1PauseCleanup
Event: 308.295 Executing safepoint VM operation: G1PauseCleanup done

Memory protections (0 events):
No events

Nmethod flushes (20 events):
Event: 308.285 Thread 0x000002955c1ba900 flushing  nmethod 0x0000029552e61388
Event: 308.285 Thread 0x000002955c1ba900 flushing  nmethod 0x0000029552e71d08
Event: 308.285 Thread 0x000002955c1ba900 flushing  nmethod 0x0000029552e73b88
Event: 308.285 Thread 0x000002955c1ba900 flushing  nmethod 0x0000029552e74c88
Event: 308.285 Thread 0x000002955c1ba900 flushing  nmethod 0x0000029552eedd88
Event: 308.285 Thread 0x000002955c1ba900 flushing  nmethod 0x0000029552eefa08
Event: 308.285 Thread 0x000002955c1ba900 flushing  nmethod 0x0000029552ef4b88
Event: 308.285 Thread 0x000002955c1ba900 flushing  nmethod 0x0000029552ef9988
Event: 308.285 Thread 0x000002955c1ba900 flushing  nmethod 0x0000029552efde88
Event: 308.285 Thread 0x000002955c1ba900 flushing  nmethod 0x0000029552f11088
Event: 308.285 Thread 0x000002955c1ba900 flushing  nmethod 0x0000029552f11688
Event: 308.285 Thread 0x000002955c1ba900 flushing  nmethod 0x0000029552f8e788
Event: 308.285 Thread 0x000002955c1ba900 flushing  nmethod 0x0000029552f8f108
Event: 308.285 Thread 0x000002955c1ba900 flushing  nmethod 0x0000029552fb5e08
Event: 308.285 Thread 0x000002955c1ba900 flushing  nmethod 0x0000029552fc5c88
Event: 308.285 Thread 0x000002955c1ba900 flushing  nmethod 0x0000029552fc6288
Event: 308.285 Thread 0x000002955c1ba900 flushing  nmethod 0x0000029552fde588
Event: 308.285 Thread 0x000002955c1ba900 flushing  nmethod 0x0000029552fdeb88
Event: 308.285 Thread 0x000002955c1ba900 flushing  nmethod 0x0000029552fe1608
Event: 308.285 Thread 0x000002955c1ba900 flushing  nmethod 0x0000029552ff1288

Events (20 events):
Event: 7.427 Thread 0x0000029562476020 Thread exited: 0x0000029562476020
Event: 8.033 Thread 0x0000029562479890 Thread exited: 0x0000029562479890
Event: 8.040 Thread 0x000002955c983d20 Thread exited: 0x000002955c983d20
Event: 8.308 Thread 0x0000029562701f60 Thread exited: 0x0000029562701f60
Event: 9.052 Thread 0x000002955c83eef0 Thread exited: 0x000002955c83eef0
Event: 10.080 Thread 0x000002955c248fa0 Thread exited: 0x000002955c248fa0
Event: 32.265 Thread 0x000002955c1f3850 Thread added: 0x000002956247e930
Event: 34.274 Thread 0x000002956247e930 Thread exited: 0x000002956247e930
Event: 61.430 Thread 0x000002955c1f3850 Thread added: 0x000002956247e930
Event: 64.184 Thread 0x000002956247e930 Thread exited: 0x000002956247e930
Event: 68.888 Thread 0x000002955c1f3850 Thread added: 0x0000029562481990
Event: 72.362 Thread 0x0000029562481990 Thread exited: 0x0000029562481990
Event: 76.766 Thread 0x0000029561197960 Thread exited: 0x0000029561197960
Event: 90.457 Thread 0x0000029561e2c3c0 Thread exited: 0x0000029561e2c3c0
Event: 90.457 Thread 0x0000029564026780 Thread exited: 0x0000029564026780
Event: 90.457 Thread 0x0000029561b8fd00 Thread exited: 0x0000029561b8fd00
Event: 136.766 Thread 0x0000029563fa8d70 Thread exited: 0x0000029563fa8d70
Event: 169.216 Thread 0x000002955c1f3850 Thread added: 0x0000029562479080
Event: 174.236 Thread 0x0000029562479080 Thread exited: 0x0000029562479080
Event: 190.771 Thread 0x0000029561bdb3b0 Thread exited: 0x0000029561bdb3b0


Dynamic libraries:
0x00007ff672330000 - 0x00007ff67233a000 	C:\Users\Hussam\.jdks\jbr-25.0.2-1\bin\java.exe
0x00007ff8d79c0000 - 0x00007ff8d7c26000 	C:\WINDOWS\SYSTEM32\ntdll.dll
0x00007ff8d6d00000 - 0x00007ff8d6dc9000 	C:\WINDOWS\System32\KERNEL32.DLL
0x00007ff8d5330000 - 0x00007ff8d572a000 	C:\WINDOWS\System32\KERNELBASE.dll
0x00007ff8d5090000 - 0x00007ff8d51dc000 	C:\WINDOWS\System32\ucrtbase.dll
0x00007ff8cec20000 - 0x00007ff8cec37000 	C:\Users\Hussam\.jdks\jbr-25.0.2-1\bin\jli.dll
0x00007ff8ceb20000 - 0x00007ff8ceb3e000 	C:\Users\Hussam\.jdks\jbr-25.0.2-1\bin\VCRUNTIME140.dll
0x00007ff8d5800000 - 0x00007ff8d59c7000 	C:\WINDOWS\System32\USER32.dll
0x00007ff8a6040000 - 0x00007ff8a62d2000 	C:\WINDOWS\WinSxS\amd64_microsoft.windows.common-controls_6595b64144ccf1df_6.0.26100.8521_none_3e08b75ce33403b3\COMCTL32.dll
0x00007ff8d5060000 - 0x00007ff8d5087000 	C:\WINDOWS\System32\win32u.dll
0x00007ff8d6370000 - 0x00007ff8d639b000 	C:\WINDOWS\System32\GDI32.dll
0x00007ff8d6b30000 - 0x00007ff8d6bd9000 	C:\WINDOWS\System32\msvcrt.dll
0x00007ff8d4d00000 - 0x00007ff8d4e2b000 	C:\WINDOWS\System32\gdi32full.dll
0x00007ff8d4e30000 - 0x00007ff8d4ed3000 	C:\WINDOWS\System32\msvcp_win.dll
0x00007ff8d6e30000 - 0x00007ff8d6e62000 	C:\WINDOWS\System32\IMM32.DLL
0x00007ff8cf170000 - 0x00007ff8cf17c000 	C:\Users\Hussam\.jdks\jbr-25.0.2-1\bin\vcruntime140_1.dll
0x00007ff89aca0000 - 0x00007ff89ad29000 	C:\Users\Hussam\.jdks\jbr-25.0.2-1\bin\msvcp140.dll
0x00007ff81a6d0000 - 0x00007ff81b622000 	C:\Users\Hussam\.jdks\jbr-25.0.2-1\bin\server\jvm.dll
0x00007ff8d6e70000 - 0x00007ff8d6f26000 	C:\WINDOWS\System32\ADVAPI32.dll
0x00007ff8d5730000 - 0x00007ff8d57da000 	C:\WINDOWS\System32\sechost.dll
0x00007ff8d7630000 - 0x00007ff8d7748000 	C:\WINDOWS\System32\RPCRT4.dll
0x00007ff8d75a0000 - 0x00007ff8d7620000 	C:\WINDOWS\System32\WS2_32.dll
0x00007ff8d4640000 - 0x00007ff8d469e000 	C:\WINDOWS\SYSTEM32\POWRPROF.dll
0x00007ff8cf070000 - 0x00007ff8cf07b000 	C:\WINDOWS\SYSTEM32\VERSION.dll
0x00007ff8bec40000 - 0x00007ff8bec76000 	C:\WINDOWS\SYSTEM32\WINMM.dll
0x00007ff8d4620000 - 0x00007ff8d4634000 	C:\WINDOWS\SYSTEM32\UMPDC.dll
0x00007ff8d39b0000 - 0x00007ff8d39cb000 	C:\WINDOWS\SYSTEM32\kernel.appcore.dll
0x00007ff8cf0b0000 - 0x00007ff8cf0ba000 	C:\Users\Hussam\.jdks\jbr-25.0.2-1\bin\jimage.dll
0x00007ff8d2300000 - 0x00007ff8d2542000 	C:\WINDOWS\SYSTEM32\DBGHELP.DLL
0x00007ff8d5b70000 - 0x00007ff8d5ef3000 	C:\WINDOWS\System32\combase.dll
0x00007ff8d6fb0000 - 0x00007ff8d7089000 	C:\WINDOWS\System32\OLEAUT32.dll
0x00007ff8a5560000 - 0x00007ff8a559b000 	C:\WINDOWS\SYSTEM32\dbgcore.DLL
0x00007ff8d4c50000 - 0x00007ff8d4cf8000 	C:\WINDOWS\System32\bcryptPrimitives.dll
0x00007ff8ceb10000 - 0x00007ff8ceb20000 	C:\Users\Hussam\.jdks\jbr-25.0.2-1\bin\instrument.dll
0x00007ff8cdc40000 - 0x00007ff8cdc5f000 	C:\Users\Hussam\.jdks\jbr-25.0.2-1\bin\java.dll
0x00007ff8d59d0000 - 0x00007ff8d5b68000 	C:\WINDOWS\System32\ole32.dll
0x00007ff8d63a0000 - 0x00007ff8d6b24000 	C:\WINDOWS\System32\SHELL32.dll
0x00007ff8d27f0000 - 0x00007ff8d3070000 	C:\WINDOWS\SYSTEM32\windows.storage.dll
0x00007ff8d7880000 - 0x00007ff8d7976000 	C:\WINDOWS\System32\SHCORE.dll
0x00007ff8d7530000 - 0x00007ff8d7597000 	C:\WINDOWS\System32\shlwapi.dll
0x00007ff8d4b70000 - 0x00007ff8d4b99000 	C:\WINDOWS\SYSTEM32\profapi.dll
0x00007ff8b93e0000 - 0x00007ff8b93f7000 	C:\Users\Hussam\.jdks\jbr-25.0.2-1\bin\zip.dll
0x00007ff8cdb80000 - 0x00007ff8cdb92000 	C:\Users\Hussam\.jdks\jbr-25.0.2-1\bin\net.dll
0x00007ff8d3f30000 - 0x00007ff8d3f9c000 	C:\WINDOWS\system32\mswsock.dll
0x00007ff8cdb50000 - 0x00007ff8cdb66000 	C:\Users\Hussam\.jdks\jbr-25.0.2-1\bin\nio.dll
0x00007ff8d3410000 - 0x00007ff8d355a000 	C:\WINDOWS\SYSTEM32\DNSAPI.dll
0x00007ff8d3ce0000 - 0x00007ff8d3ced000 	C:\WINDOWS\SYSTEM32\DSPARSE.dll
0x00007ff8d3380000 - 0x00007ff8d33b3000 	C:\WINDOWS\SYSTEM32\IPHLPAPI.DLL
0x00007ff8d5f80000 - 0x00007ff8d5f8a000 	C:\WINDOWS\System32\NSI.dll
0x00007ff8cdbd0000 - 0x00007ff8cdbd9000 	C:\Users\Hussam\.jdks\jbr-25.0.2-1\bin\extnet.dll
0x00007ff8caca0000 - 0x00007ff8cacab000 	C:\Windows\System32\rasadhlp.dll
0x00007ff8bf820000 - 0x00007ff8bf8a6000 	C:\WINDOWS\System32\fwpuclnt.dll
0x00007ff8cdb40000 - 0x00007ff8cdb4a000 	C:\Users\Hussam\.jdks\jbr-25.0.2-1\bin\management.dll
0x00007ff8b93d0000 - 0x00007ff8b93dc000 	C:\Users\Hussam\.jdks\jbr-25.0.2-1\bin\management_ext.dll
0x00007ff8d6e20000 - 0x00007ff8d6e28000 	C:\WINDOWS\System32\PSAPI.DLL
0x00007ff8d4230000 - 0x00007ff8d424b000 	C:\WINDOWS\SYSTEM32\CRYPTSP.dll
0x00007ff8d3910000 - 0x00007ff8d3949000 	C:\WINDOWS\system32\rsaenh.dll
0x00007ff8d3fe0000 - 0x00007ff8d4013000 	C:\WINDOWS\SYSTEM32\USERENV.dll
0x00007ff8d4b40000 - 0x00007ff8d4b6a000 	C:\WINDOWS\SYSTEM32\bcrypt.dll
0x00007ff8d4250000 - 0x00007ff8d425c000 	C:\WINDOWS\SYSTEM32\CRYPTBASE.dll
0x00007ff89f0a0000 - 0x00007ff89f0b8000 	C:\WINDOWS\system32\napinsp.dll
0x00007ff8908e0000 - 0x00007ff8908f3000 	C:\WINDOWS\System32\winrnr.dll
0x00007ff8908b0000 - 0x00007ff8908d2000 	C:\WINDOWS\system32\nlansp_c.dll
0x00007ff8c98c0000 - 0x00007ff8c98d6000 	C:\WINDOWS\system32\wshbth.dll
0x00007ff8a8000000 - 0x00007ff8a8058000 	C:\WINDOWS\SYSTEM32\pdh.dll
0x00007ff8cf140000 - 0x00007ff8cf152000 	C:\WINDOWS\System32\perfproc.dll
0x00007ff891320000 - 0x00007ff891331000 	C:\WINDOWS\System32\perfos.dll
0x00007ff8cf290000 - 0x00007ff8cf2a2000 	C:\WINDOWS\SYSTEM32\pfclient.dll
0x00007ff8b9290000 - 0x00007ff8b929e000 	C:\Users\Hussam\.jdks\jbr-25.0.2-1\bin\sunmscapi.dll
0x00007ff8d4ee0000 - 0x00007ff8d5058000 	C:\WINDOWS\System32\CRYPT32.dll
0x00007ff8d44c0000 - 0x00007ff8d44f0000 	C:\WINDOWS\SYSTEM32\ncrypt.dll
0x00007ff8d4470000 - 0x00007ff8d44af000 	C:\WINDOWS\SYSTEM32\NTASN1.dll
0x00007ff8b9280000 - 0x00007ff8b9290000 	C:\Users\Hussam\.jdks\jbr-25.0.2-1\bin\verify.dll
0x00007ff8a4450000 - 0x00007ff8a4458000 	C:\WINDOWS\system32\wshunix.dll

JVMTI agents:
C:\Program Files\JetBrains\IntelliJ IDEA 2025.3.1\lib\idea_rt.jar path:C:\Users\Hussam\.jdks\jbr-25.0.2-1\bin\instrument.dll, loaded, initialized, instrumentlib options:58084

dbghelp: loaded successfully - version: 4.0.5 - missing functions: none
symbol engine: initialized successfully - sym options: 0x614 - pdb path: .;C:\Users\Hussam\.jdks\jbr-25.0.2-1\bin;C:\WINDOWS\SYSTEM32;C:\WINDOWS\WinSxS\amd64_microsoft.windows.common-controls_6595b64144ccf1df_6.0.26100.8521_none_3e08b75ce33403b3;C:\Users\Hussam\.jdks\jbr-25.0.2-1\bin\server

VM Arguments:
jvm_args: -XX:TieredStopAtLevel=1 -Dspring.output.ansi.enabled=always -Dcom.sun.management.jmxremote -Dspring.jmx.enabled=true -Dspring.liveBeansView.mbeanDomain -Dspring.application.admin.enabled=true -Dmanagement.endpoints.jmx.exposure.include=* -javaagent:C:\Program Files\JetBrains\IntelliJ IDEA 2025.3.1\lib\idea_rt.jar=58084 -Dfile.encoding=UTF-8 -Dsun.stdout.encoding=UTF-8 -Dsun.stderr.encoding=UTF-8 
java_command: com.SchoolManagementSystem.System.SystemApplication
java_class_path (initial): D:\Programming\Java\springboot\SchoolManagmentSystem\target\classes;C:\Users\Hussam\.m2\repository\org\springframework\boot\spring-boot-starter-web\3.5.6\spring-boot-starter-web-3.5.6.jar;C:\Users\Hussam\.m2\repository\org\springframework\boot\spring-boot-starter\3.5.6\spring-boot-starter-3.5.6.jar;C:\Users\Hussam\.m2\repository\org\springframework\boot\spring-boot-starter-logging\3.5.6\spring-boot-starter-logging-3.5.6.jar;C:\Users\Hussam\.m2\repository\ch\qos\logback\logback-classic\1.5.18\logback-classic-1.5.18.jar;C:\Users\Hussam\.m2\repository\ch\qos\logback\logback-core\1.5.18\logback-core-1.5.18.jar;C:\Users\Hussam\.m2\repository\org\apache\logging\log4j\log4j-to-slf4j\2.24.3\log4j-to-slf4j-2.24.3.jar;C:\Users\Hussam\.m2\repository\org\apache\logging\log4j\log4j-api\2.24.3\log4j-api-2.24.3.jar;C:\Users\Hussam\.m2\repository\org\slf4j\jul-to-slf4j\2.0.17\jul-to-slf4j-2.0.17.jar;C:\Users\Hussam\.m2\repository\jakarta\annotation\jakarta.annotation-api\2.1.1\jakarta.annotation-api-2.1.1.jar;C:\Users\Hussam\.m2\repository\org\yaml\snakeyaml\2.4\snakeyaml-2.4.jar;C:\Users\Hussam\.m2\repository\org\springframework\boot\spring-boot-starter-json\3.5.6\spring-boot-starter-json-3.5.6.jar;C:\Users\Hussam\.m2\repository\com\fasterxml\jackson\datatype\jackson-datatype-jdk8\2.19.2\jackson-datatype-jdk8-2.19.2.jar;C:\Users\Hussam\.m2\repository\com\fasterxml\jackson\datatype\jackson-datatype-jsr310\2.19.2\jackson-datatype-jsr310-2.19.2.jar;C:\Users\Hussam\.m2\repository\com\fasterxml\jackson\module\jackson-module-parameter-names\2.19.2\jackson-module-parameter-names-2.19.2.jar;C:\Users\Hussam\.m2\repository\org\springframework\boot\spring-boot-starter-tomcat\3.5.6\spring-boot-starter-tomcat-3.5.6.jar;C:\Users\Hussam\.m2\repository\org\apache\tomcat\embed\tomcat-embed-core\10.1.46\tomcat-embed-core-10.1.46.jar;C:\Users\Hussam\.m2\repository\org\apache\tomcat\embed\tomcat-embed-websocket\10.1.46\tomcat-embed-websocket-10.1.46.jar;C:\Users\Hussam\.m2\repository\org\springframework\spring-web\6.2.11\spring-web-6.2.11.jar;C:\Users\Hussam\.m2\repository\org\springframework\spring-beans\6.2.11\spring-beans-6.2.11.jar;C:\Users\Hussam\.m2\repository\org\springframework\spring-webmvc\6.2.11\spring-webmvc-6.2.11.jar;C:\Users\Hussam\.m2\repository\org\springframework\spring-context\6.2.11\spring-context-6.2.11.jar;C:\Users\Hussam\.m2\repository\org\springframework\spring-expression\6.2.11\spring-expression-6.2.11.jar;C:\Users\Hussam\.m2\repository\org\springframework\boot\spring-boot-starter-security\3.5.6\spring-boot-starter-security-3.5.6.jar;C:\Users\Hussam\.m2\repository\org\springframework\spring-aop\6.2.11\spring-aop-6.2.11.jar;C:\Users\Hussam\.m2\repository\org\springframework\security\spring-security-config\6.5.5\spring-security-config-6.5.5.jar;C:\Users\Hussam\.m2\repository\org\springframework\security\spring-security-core\6.5.5\spring-security-core-6.5.5.jar;C:\Users\Hussam\.m2\repository\org\springframework\security\spring-security-crypto\6.5.5\spring-security-crypto-6.5.5.jar;C:\Users\Hussam\.m2\repository\org\springframework\security\spring-security-web\6.5.5\spring-security-web-6.5.5.jar;C:\Users\Hussam\.m2\repository\org\springframework\boot\spring-boot-starter-data-jpa\3.5.6\spring-boot-starter-data-jpa-3.5.6.jar;C:\Users\Hussam\.m2\repository\org\springframework\boot\spring-boot-starter-jdbc\3.5.6\spring-boot-starter-jdbc-3.5.6.jar;C:\Users\Hussam\.m2\repository\com\zaxxer\HikariCP\6.3.3\HikariCP-6.3.3.jar;C:\Users\Hussam\.m2\repository\org\springframework\spring-jdbc\6.2.11\spring-jdbc-6.2.11.jar;C:\Users\Hussam\.m2\repository\org\hibernate\orm\hibernate-core\6.6.29.Final\hibernate-core-6.6.29.Final.jar;C:\Users\Hussam\.m2\repository\jakarta\persistence\jakarta.persistence-api\3.1.0\jakarta.persistence-api-3.1.0.jar;C:\Users\Hussam\.m2\repository\jakarta\transaction\jakarta.transaction-api\2.0.1\jakarta.transaction-api-2.0.1.jar;C:\Users\Hussam\.m2\repository\org\jboss\logging\jboss-logging\3.6.1.Final\jboss-logging-3.6.1.Final.jar;C:\Users\Hussam\.m2\repository\org\hibernate\common\hibernate-commons-annotations\7.0.3.Final\hibernate-commons-annotations-7.0.3.Final.jar;C:\Users\Hussam\.m2\repository\io\smallrye\jandex\3.2.0\jandex-3.2.0.jar;C:\Users\Hussam\.m2\repository\com\fasterxml\classmate\1.7.0\classmate-1.7.0.jar;C:\Users\Hussam\.m2\repository\net\bytebuddy\byte-buddy\1.17.7\byte-buddy-1.17.7.jar;C:\Users\Hussam\.m2\repository\org\glassfish\jaxb\jaxb-runtime\4.0.5\jaxb-runtime-4.0.5.jar;C:\Users\Hussam\.m2\repository\org\glassfish\jaxb\jaxb-core\4.0.5\jaxb-core-4.0.5.jar;C:\Users\Hussam\.m2\repository\org\eclipse\angus\angus-activation\2.0.2\angus-activation-2.0.2.jar;C:\Users\Hussam\.m2\repository\org\glassfish\jaxb\txw2\4.0.5\txw2-4.0.5.jar;C:\Users\Hussam\.m2\repository\com\sun\istack\istack-commons-runtime\4.1.2\istack-commons-runtime-4.1.2.jar;C:\Users\Hussam\.m2\repository\jakarta\inject\jakarta.inject-api\2.0.1\jakarta.inject-api-2.0.1.jar;C:\Users\Hussam\.m2\repository\org\antlr\antlr4-runtime\4.13.0\antlr4-runtime-4.13.0.jar;C:\Users\Hussam\.m2\repository\org\springframework\data\spring-data-jpa\3.5.4\spring-data-jpa-3.5.4.jar;C:\Users\Hussam\.m2\repository\org\springframework\data\spring-data-commons\3.5.4\spring-data-commons-3.5.4.jar;C:\Users\Hussam\.m2\repository\org\springframework\spring-orm\6.2.11\spring-orm-6.2.11.jar;C:\Users\Hussam\.m2\repository\org\springframework\spring-tx\6.2.11\spring-tx-6.2.11.jar;C:\Users\Hussam\.m2\repository\org\slf4j\slf4j-api\2.0.17\slf4j-api-2.0.17.jar;C:\Users\Hussam\.m2\repository\org\springframework\spring-aspects\6.2.11\spring-aspects-6.2.11.jar;C:\Users\Hussam\.m2\repository\org\aspectj\aspectjweaver\1.9.24\aspectjweaver-1.9.24.jar;C:\Users\Hussam\.m2\repository\org\springframework\boot\spring-boot-starter-validation\3.5.6\spring-boot-starter-validation-3.5.6.jar;C:\Users\Hussam\.m2\repository\org\apache\tomcat\embed\tomcat-embed-el\10.1.46\tomcat-embed-el-10.1.46.jar;C:\Users\Hussam\.m2\repository\org\hibernate\validator\hibernate-validator\8.0.3.Final\hibernate-validator-8.0.3.Final.jar;C:\Users\Hussam\.m2\repository\jakarta\validation\jakarta.validation-api\3.0.2\jakarta.validation-api-3.0.2.jar;C:\Users\Hussam\.m2\repository\org\springframework\boot\spring-boot-devtools\3.5.6\spring-boot-devtools-3.5.6.jar;C:\Users\Hussam\.m2\repository\org\springframework\boot\spring-boot\3.5.6\spring-boot-3.5.6.jar;C:\Users\Hussam\.m2\repository\org\springframework\boot\spring-boot-autoconfigure\3.5.6\spring-boot-autoconfigure-3.5.6.jar;C:\Users\Hussam\.m2\repository\org\mapstruct\mapstruct\1.6.3\mapstruct-1.6.3.jar;C:\Users\Hussam\.m2\repository\org\mapstruct\mapstruct-processor\1.6.3\mapstruct-processor-1.6.3.jar;C:\Users\Hussam\.m2\repository\org\postgresql\postgresql\42.7.7\postgresql-42.7.7.jar;C:\Users\Hussam\.m2\repository\org\checkerframework\checker-qual\3.49.3\checker-qual-3.49.3.jar;C:\Users\Hussam\.m2\repository\org\projectlombok\lombok\1.18.40\lombok-1.18.40.jar;C:\Users\Hussam\.m2\repository\jakarta\xml\bind\jakarta.xml.bind-api\4.0.2\jakarta.xml.bind-api-4.0.2.jar;C:\Users\Hussam\.m2\repository\jakarta\activation\jakarta.activation-api\2.1.4\jakarta.activation-api-2.1.4.jar;C:\Users\Hussam\.m2\repository\org\springframework\spring-core\6.2.11\spring-core-6.2.11.jar;C:\Users\Hussam\.m2\repository\org\springframework\spring-jcl\6.2.11\spring-jcl-6.2.11.jar;C:\Users\Hussam\.m2\repository\io\jsonwebtoken\jjwt-api\0.11.5\jjwt-api-0.11.5.jar;C:\Users\Hussam\.m2\repository\io\jsonwebtoken\jjwt-impl\0.11.5\jjwt-impl-0.11.5.jar;C:\Users\Hussam\.m2\repository\io\jsonwebtoken\jjwt-jackson\0.11.5\jjwt-jackson-0.11.5.jar;C:\Users\Hussam\.m2\repository\com\fasterxml\jackson\core\jackson-databind\2.19.2\jackson-databind-2.19.2.jar;C:\Users\Hussam\.m2\repository\com\fasterxml\jackson\core\jackson-annotations\2.19.2\jackson-annotations-2.19.2.jar;C:\Users\Hussam\.m2\repository\com\fasterxml\jackson\core\jackson-core\2.19.2\jackson-core-2.19.2.jar;C:\Users\Hussam\.m2\repository\org\jetbrains\kotlin\kotlin-stdlib-jdk8\2.2.20\kotlin-stdlib-jdk8-2.2.20.jar;C:\Users\Hussam\.m2\repository\org\jetbrains\kotlin\kotlin-stdlib\2.2.20\kotlin-stdlib-2.2.20.jar;C:\Users\Hussam\.m2\repository\org\jetbrains\annotations\13.0\annotations-13.0.jar;C:\Users\Hussam\.m2\repository\org\jetbrains\kotlin\kotlin-stdlib-jdk7\2.2.20\kotlin-stdlib-jdk7-2.2.20.jar;C:\Users\Hussam\.m2\repository\me\paulschwarz\spring-dotenv\4.0.0\spring-dotenv-4.0.0.jar;C:\Users\Hussam\.m2\repository\io\github\cdimascio\dotenv-java\3.0.0\dotenv-java-3.0.0.jar;C:\Users\Hussam\.m2\repository\org\springframework\boot\spring-boot-starter-actuator\3.5.6\spring-boot-starter-actuator-3.5.6.jar;C:\Users\Hussam\.m2\repository\org\springframework\boot\spring-boot-actuator-autoconfigure\3.5.6\spring-boot-actuator-autoconfigure-3.5.6.jar;C:\Users\Hussam\.m2\repository\org\springframework\boot\spring-boot-actuator\3.5.6\spring-boot-actuator-3.5.6.jar;C:\Users\Hussam\.m2\repository\io\micrometer\micrometer-observation\1.15.4\micrometer-observation-1.15.4.jar;C:\Users\Hussam\.m2\repository\io\micrometer\micrometer-commons\1.15.4\micrometer-commons-1.15.4.jar;C:\Users\Hussam\.m2\repository\io\micrometer\micrometer-jakarta9\1.15.4\micrometer-jakarta9-1.15.4.jar;C:\Users\Hussam\.m2\repository\io\micrometer\micrometer-core\1.15.4\micrometer-core-1.15.4.jar;C:\Users\Hussam\.m2\repository\org\hdrhistogram\HdrHistogram\2.2.2\HdrHistogram-2.2.2.jar;C:\Users\Hussam\.m2\repository\org\latencyutils\LatencyUtils\2.0.3\LatencyUtils-2.0.3.jar
Launcher Type: SUN_STANDARD

[Global flags]
     intx CICompilerCount                          = 12                                        {product} {ergonomic}
     uint ConcGCThreads                            = 3                                         {product} {ergonomic}
     uint G1ConcRefinementThreads                  = 13                                        {product} {ergonomic}
   size_t G1HeapRegionSize                         = 2097152                                   {product} {ergonomic}
   size_t InitialHeapSize                          = 197132288                                 {product} {ergonomic}
     bool ManagementServer                         = true                                      {product} {command line}
   size_t MarkStackSize                            = 4194304                                   {product} {ergonomic}
   size_t MarkStackSizeMax                         = 536870912                                 {product} {ergonomic}
   size_t MaxHeapSize                              = 3145728000                                {product} {ergonomic}
   size_t MaxNewSize                               = 1887436800                                {product} {ergonomic}
   size_t MinHeapDeltaBytes                        = 2097152                                   {product} {ergonomic}
   size_t MinHeapSize                              = 8388608                                   {product} {ergonomic}
    uintx NonNMethodCodeHeapSize                   = 4096                                   {pd product} {ergonomic}
    uintx NonProfiledCodeHeapSize                  = 0                                      {pd product} {ergonomic}
     bool ProfileInterpreter                       = false                                  {pd product} {command line}
    uintx ProfiledCodeHeapSize                     = 0                                      {pd product} {ergonomic}
   size_t SoftMaxHeapSize                          = 3145728000                             {manageable} {ergonomic}
     intx TieredStopAtLevel                        = 1                                         {product} {command line}
     bool UseCompressedOops                        = true                           {product lp64_product} {ergonomic}
     bool UseG1GC                                  = true                                      {product} {ergonomic}
     bool UseLargePagesIndividualAllocation        = false                                  {pd product} {ergonomic}

Logging:
Log output configuration:
 #0: stdout all=warning uptime,level,tags foldmultilines=false
 #1: stderr all=off uptime,level,tags foldmultilines=false

Release file:
JAVA_VERSION="25.0.2" 
MODULES="java.base java.compiler java.datatransfer java.xml java.prefs java.desktop java.instrument java.logging java.management java.security.sasl java.naming java.rmi java.management.rmi java.net.http java.scripting java.security.jgss java.transaction.xa java.sql java.sql.rowset java.xml.crypto java.se java.smartcardio jdk.accessibility jdk.internal.jvmstat jdk.attach jdk.charsets jdk.internal.opt jdk.zipfs jdk.compiler jdk.crypto.cryptoki jdk.crypto.ec jdk.crypto.mscapi jdk.dynalink jdk.internal.ed jdk.editpad jdk.internal.vm.ci jdk.graal.compiler jdk.graal.compiler.management jdk.hotspot.agent jdk.httpserver jdk.incubator.vector jdk.internal.le jdk.internal.md jdk.jartool jdk.javadoc jdk.jcmd jdk.management jdk.management.agent jdk.jconsole jdk.jdeps jdk.jdwp.agent jdk.jdi jdk.jfr jdk.jlink jdk.jpackage jdk.jshell jdk.jsobject jdk.jstatd jdk.localedata jdk.management.jfr jdk.naming.dns jdk.naming.rmi jdk.net jdk.nio.mapmode jdk.sctp jdk.security.auth jdk.security.jgss jdk.unsupported jdk.unsupported.desktop jdk.xml.dom" 
IMPLEMENTOR="JetBrains s.r.o." 
IMPLEMENTOR_VERSION="JBRSDK-25.0.2+1-329.72-nomod" 
JAVA_RUNTIME_VERSION="25.0.2+1-b329.72" 
LIBC="default" 
OS_ARCH="x86_64" 
OS_NAME="Windows" 
SOURCE=".:git:80f896300e04+" 

Environment Variables:
PATH=C:\Program Files\NVIDIA GPU Computing Toolkit\CUDA\v12.8\bin;C:\Program Files\NVIDIA GPU Computing Toolkit\CUDA\v12.8\libnvvp;C:\Program Files\Eclipse Adoptium\jdk-21.0.9.10-hotspot\bin;C:\Program Files\Common Files\Oracle\Java\javapath;C:\Users\Hussam\AppData\Local\Android\Sdk\emulator;C:\Users\Hussam\AppData\Local\Android\Sdk\platform-tools;C:\develop\flutter\bin\cache\dart-sdk\bin;C:\develop\platform-tools;C:\develop\flutter\bin;C:\Windows\system32;C:\Windows;C:\Windows\System32\Wbem;C:\Windows\System32\WindowsPowerShell\v1.0\;C:\Windows\System32\OpenSSH\;C:\Program Files\Microsoft\Web Platform Installer\;C:\Program Files (x86)\Microsoft ASP.NET\ASP.NET Web Pages\v1.0\;C:\Program Files\Microsoft SQL Server\110\Tools\Binn\;C:\Program Files\Git\cmd;C:\Program Files (x86)\NVIDIA Corporation\PhysX\Common;C:\Program Files\nodejs\;C:\Program Files\NVIDIA Corporation\NVIDIA App\NvDLISR;C:\Program Files\Cloudflare\Cloudflare WARP\;C:\WINDOWS\system32;C:\WINDOWS;C:\WINDOWS\System32\Wbem;C:\WINDOWS\System32\WindowsPowerShell\v1.0\;C:\WINDOWS\System32\OpenSSH\;C:\Program Files\NVIDIA Corporation\Nsight Compute 2025.1.0\;C:\Program Files\PyManager\;C:\Program Files\dotnet\;C:\Program Files (x86)\Microsoft SQL Server\170\Tools\Binn\;C:\Program Files\Microsoft SQL Server\170\Tools\Binn\;C:\Program Files\Microsoft SQL Server\Client SDK\ODBC\180\Tools\Binn\;C:\Program Files\Microsoft SQL Server\170\DTS\Binn\;C:\Program Files\Docker\Docker\resources\bin;C:\Users\Hussam\AppData\Local\Programs\Python\Python313\Scripts\;C:\Users\Hussam\AppData\Local\Programs\Python\Python313\;C:\Users\Hussam\AppData\Local\Programs\Microsoft VS Code\bin;C:\Users\Hussam\AppData\Local\Microsoft\WindowsApps;C:\Program Files\NVIDIA GPU Computing Toolkit\CUDA\v12.8\bin;C:\Program Files\NVIDIA\CUDNN\v9.20\bin\13.2;C:\develop\ffmpeg-2026-04-01-git-eedf8f0165-essentials_build\bin;C:\Program Files\JetBrains\WebStorm 2026.1.3\bin
USERNAME=Hussam
OS=Windows_NT
PROCESSOR_IDENTIFIER=Intel64 Family 6 Model 151 Stepping 2, GenuineIntel
TMP=C:\Users\Hussam\AppData\Local\Temp
TEMP=C:\Users\Hussam\AppData\Local\Temp




Compilation memory statistics disabled.

Periodic native trim disabled

JNI global refs:
JNI global refs: 25, weak refs: 40

JNI global refs memory usage: 835, weak refs: 833

Process memory usage:
Resident Set Size: 218516K (1% of 12283768K total physical memory with 4555040K free physical memory)

OOME stack traces (most recent first):
Classloader memory used:
Loader jdk.internal.loader.ClassLoaders$AppClassLoader                                 : 69134 K
Loader bootstrap                                                                       : 6197 K
Loader org.springframework.boot.devtools.restart.classloader.RestartClassLoader        : 3509 K
Loader jdk.internal.loader.ClassLoaders$PlatformClassLoader                            : 458 K
Loader org.springframework.boot.web.embedded.tomcat.TomcatEmbeddedWebappClassLoader    : 16848 B
Loader sun.reflect.misc.MethodUtil                                                     : 3096 B
Loader net.bytebuddy.utility.dispatcher.JavaDispatcher$DynamicClassLoader              : 1968 B

Classes loaded by more than one classloader:
Class com.SchoolManagementSystem.System.SystemApplication                             : loaded 2 times (x 73B)

---------------  S Y S T E M  ---------------

OS:
 Windows 11 , 64 bit Build 26100 (10.0.26100.8521)
OS uptime: 1 days 6:23 hours
Hyper-V role detected

CPU: total 16 (initial active 16) (8 cores per cpu, 2 threads per core) family 6 model 151 stepping 2 microcode 0x3e, cx8, cmov, fxsr, ht, mmx, 3dnowpref, sse, sse2, sse3, ssse3, sse4.1, sse4.2, popcnt, lzcnt, tsc, tscinvbit, avx, avx2, aes, erms, clmul, bmi1, bmi2, adx, sha, fma, vzeroupper, clflush, clflushopt, clwb, hv, serialize, rdtscp, rdpid, fsrm, gfni, f16c, cet_ibt, cet_ss
Processor Information for processor 0
  Max Mhz: 2500, Current Mhz: 1532, Mhz Limit: 2500
Processor Information for processor 1
  Max Mhz: 2500, Current Mhz: 2500, Mhz Limit: 2500
Processor Information for processor 2
  Max Mhz: 2500, Current Mhz: 2500, Mhz Limit: 2500
Processor Information for processor 3
  Max Mhz: 2500, Current Mhz: 2500, Mhz Limit: 2500
Processor Information for processor 4
  Max Mhz: 2500, Current Mhz: 2500, Mhz Limit: 2500
Processor Information for processor 5
  Max Mhz: 2500, Current Mhz: 2500, Mhz Limit: 2500
Processor Information for processor 6
  Max Mhz: 2500, Current Mhz: 2500, Mhz Limit: 2500
Processor Information for processor 7
  Max Mhz: 2500, Current Mhz: 2500, Mhz Limit: 2500
Processor Information for processor 8
  Max Mhz: 2500, Current Mhz: 2500, Mhz Limit: 2500
Processor Information for processor 9
  Max Mhz: 2500, Current Mhz: 2500, Mhz Limit: 2500
Processor Information for processor 10
  Max Mhz: 2500, Current Mhz: 2500, Mhz Limit: 2500
Processor Information for processor 11
  Max Mhz: 2500, Current Mhz: 2500, Mhz Limit: 2500
Processor Information for processor 12
  Max Mhz: 2500, Current Mhz: 2500, Mhz Limit: 2500
Processor Information for processor 13
  Max Mhz: 2500, Current Mhz: 2500, Mhz Limit: 2500
Processor Information for processor 14
  Max Mhz: 2500, Current Mhz: 2500, Mhz Limit: 2500
Processor Information for processor 15
  Max Mhz: 2500, Current Mhz: 2500, Mhz Limit: 2500

Memory: 4k page, system-wide physical 11995M (4571M free)
TotalPageFile size 24283M (AvailPageFile size 4143M)
current process WorkingSet (physical memory assigned to process): 226M, peak: 302M
current process commit charge ("private bytes"): 400M, peak: 400M

vm_info: OpenJDK 64-Bit Server VM (25.0.2+1-b329.72) for windows-amd64 JRE (25.0.2+1-b329.72), built on 2026-03-02 with MS VC++ 17.14 (VS2022)

END.
